
[1m[46m RUN [49m[22m [36mv4.1.0 [39m[90mC:/Users/dsmoy/OneDrive/Documentos/pizza-factory/frontend[39m

 [31mÔØ»[39m src/App.test.jsx [2m([22m[2m1 test[22m[2m | [22m[31m1 failed[39m[2m)[22m[33m 1564[2mms[22m[39m
[31m     [31m├ù[31m renders correctly and generates pizza[39m[33m 1554[2mms[22m[39m
node.exe : 
En C:\Program 
Files\nodejs\npx.ps1: 
29 Carácter: 3
+   & $NODE_EXE 
$NPX_CLI_JS $args
+   ~~~~~~~~~~~~~~~~~~~
~~~~~~~~~~
    + CategoryInfo     
         : NotSpecifi  
  ed: (:String) [],    
 RemoteException
    + FullyQualifiedEr 
   rorId : NativeComm  
  andError
 
[31mÔÄ»ÔÄ»ÔÄ»ÔÄ»ÔÄ»ÔÄ»
ÔÄ»[39m[1m[41m 
Failed Tests 1 [49m[2
2m[31mÔÄ»ÔÄ»ÔÄ»ÔÄ»ÔÄ»Ô
Ä»ÔÄ»[39m

[41m[1m FAIL 
[22m[49m 
src/App.test.jsx[2m > 
[22mApp Component[2m 
> [22mrenders 
correctly and 
generates pizza
[31m[1mTestingLibrary
ElementError[22m[39m:
 Found multiple 
elements with the 
text: /Salsa San 
Marzano/i

Here are the matching 
elements:

Ignored nodes: 
comments, script, style
[36m<option[39m
  [33mvalue[39m=[32m
"italian"[39m
[36m>[39m
  [0mItaliana (Masa 
delgada, Salsa San 
Marzano)[0m
[36m</option>[39m

Ignored nodes: 
comments, script, style
[36m<li>[39m
  [36m<span[39m
    [33mclass[39m=[3
2m"font-semibold 
text-primary"[39m
  [36m>[39m
    [0mSalsa:[0m
  [36m</span>[39m
  [0m [0m
  [0mSalsa San 
Marzano[0m
[36m</li>[39m

(If this is 
intentional, then use 
the `*AllBy*` variant 
of the query (like 
`queryAllByText`, 
`getAllByText`, or 
`findAllByText`)).

Ignored nodes: 
comments, script, style
[36m<body>[39m
  [36m<div>[39m
    [36m<div[39m
      [33mclass[39m=
[32m"min-h-screen 
bg-gray-50 
dark:bg-secondary 
transition-colors 
duration-300"[39m
    [36m>[39m
      [36m<header[39m
        [33mclass[39m
=[32m"bg-white 
dark:bg-gray-800 
shadow-sm border-b 
border-gray-200 
dark:border-gray-700 
sticky top-0 z-10"[39m
      [36m>[39m
        [36m<div[39m
          [33mclass[3
9m=[32m"max-w-5xl 
mx-auto px-4 h-16 flex 
items-center 
justify-between"[39m
        [36m>[39m
          
[36m<div[39m
            [33mclass
[39m=[32m"flex 
items-center 
gap-3"[39m
          [36m>[39m
            
[36m<div[39m
              [33mclas
s[39m=[32m"p-2 
bg-primary/10 
rounded-lg"[39m
            [36m>[39m
              
[36m<svg[39m
                [33mar
ia-hidden[39m=[32m"tr
ue"[39m
                [33mcl
ass[39m=[32m"lucide 
lucide-pizza 
text-primary w-6 
h-6"[39m
                [33mfi
ll[39m=[32m"none"[39
m
                [33mhe
ight[39m=[32m"24"[39
m
                [33mst
roke[39m=[32m"current
Color"[39m
                [33mst
roke-linecap[39m=[32m
"round"[39m
                [33mst
roke-linejoin[39m=[32
m"round"[39m
                [33mst
roke-width[39m=[32m"2
"[39m
                [33mvi
ewBox[39m=[32m"0 0 
24 24"[39m
                [33mwi
dth[39m=[32m"24"[39m
                [33mxm
lns[39m=[32m"http://w
ww.w3.org/2000/svg"[39
m
              
[36m>[39m
                
[36m<path[39m
                  
[33md[39m=[32m"m12 
14-1 1"[39m
                
[36m/>[39m
                
[36m<path[39m
                  [33m
d[39m=[32m"m13.75 
18.25-1.25 1.42"[39m
                
[36m/>[39m
                
[36m<path[39m
                  [33m
d[39m=[32m"M17.775 
5.654a15.68 15.68 0 0 
0-12.121 12.12"[39m
                
[36m/>[39m
                
[36m<path[39m
                  [33m
d[39m=[32m"M18.8 
9.3a1 1 0 0 0 2.1 
7.7"[39m
                
[36m/>[39m
                
[36m<path[39m
                  [33m
d[39m=[32m"M21.964 
20.732a1 1 0 0 1-1.232 
1.232l-18-5a1 1 0 0 
1-.695-1.232A19.68 
19.68 0 0 1 15.732 
2.037a1 1 0 0 1 
1.232.695z"[39m
                
[36m/>[39m
              
[36m</svg>[39m
            
[36m</div>[39m
            
[36m<h1[39m
              [33mclas
s[39m=[32m"text-xl 
md:text-2xl font-bold 
bg-gradient-to-r 
from-primary 
to-orange-500 
bg-clip-text 
text-transparent"[39m
            [36m>[39m
              
[0mPizzer├¡a 
Factory[0m
            
[36m</h1>[39m
          
[36m</div>[39m
          
[36m<div[39m
            [33mclass
[39m=[32m"flex 
items-center 
gap-4"[39m
          [36m>[39m
            
[36m<span[39m
              [33mclas
s[39m=[32m"hidden 
md:inline text-sm 
text-gray-500 
dark:text-gray-400 
font-medium"[39m
            [36m>[39m
              
[0mAbstract Pattern 
Demo[0m
            
[36m</span>[39m
            
[36m<button[39m
              [33maria
-label[39m=[32m"Toggl
e Dark Mode"[39m
              [33mclas
s[39m=[32m"p-2 
rounded-full 
bg-gray-200 
dark:bg-gray-800 
text-gray-800 
dark:text-gray-200 
hover:bg-gray-300 
dark:hover:bg-gray-700 
transition-colors"[39m
            [36m>[39m
              
[36m<svg[39m
                [33mar
ia-hidden[39m=[32m"tr
ue"[39m
                [33mcl
ass[39m=[32m"lucide 
lucide-moon"[39m
                [33mfi
ll[39m=[32m"none"[39
m
                [33mhe
ight[39m=[32m"20"[39
m
                [33mst
roke[39m=[32m"current
Color"[39m
                [33mst
roke-linecap[39m=[32m
"round"[39m
                [33mst
roke-linejoin[39m=[32
m"round"[39m
                [33mst
roke-width[39m=[32m"2
"[39m
                [33mvi
ewBox[39m=[32m"0 0 
24 24"[39m
                [33mwi
dth[39m=[32m"20"[39m
                [33mxm
lns[39m=[32m"http://w
ww.w3.org/2000/svg"[39
m
              
[36m>[39m
                
[36m<path[39m
                  [33m
d[39m=[32m"M20.985 
12.486a9 9 0 1 1-9.473-
9.472c.405-.022.617.46.
402.803a6 6 0 0 0 
8.268 8.268c.344-.215.8
25-.004.803.401"[39m
                
[36m/>[39m
              
[36m</svg>[39m
            
[36m</button>[39m
          
[36m</div>[39m
        
[36m</div>[39m
      
[36m</header>[39m
      [36m<main[39m
        [33mclass[39m
=[32m"max-w-5xl 
mx-auto px-4 py-8 
md:py-12"[39m
      [36m>[39m
        [36m<div[39m
          [33mclass[3
9m=[32m"grid 
md:grid-cols-12 gap-8 
items-start"[39m
        [36m>[39m
          
[36m<div[39m
            [33mclass
[39m=[32m"md:col-span-
5 bg-white 
dark:bg-gray-800 
rounded-2xl p-6 md:p-8 
shadow-sm border 
border-gray-100 dark:bo
rder-gray-700"[39m
          [36m>[39m
            
[36m<h2[39m
              [33mclas
s[39m=[32m"text-2xl 
font-bold 
text-gray-900 
dark:text-white 
mb-6"[39m
            [36m>[39m
              
[0mOrdena tu Pizza[0m
            
[36m</h2>[39m
            
[36m<div[39m
              [33mclas
s[39m=[32m"space-y-6"
[39m
            [36m>[39m
              
[36m<div[39m
                [33mcl
ass[39m=[32m"flex 
flex-col gap-2"[39m
              
[36m>[39m
                
[36m<label[39m
                  [33m
class[39m=[32m"text-s
m font-semibold 
text-gray-700 dark:text
-gray-300"[39m
                  [33m
for[39m=[32m"pizza-st
yle"[39m
                
[36m>[39m
                  
[0mSelecciona un 
Estilo de Pizza[0m
                
[36m</label>[39m
                
[36m<select[39m
                  [33m
class[39m=[32m"p-3 
rounded-lg border 
border-gray-300 
dark:border-gray-600 
bg-white 
dark:bg-gray-800 
text-gray-900 
dark:text-gray-100 
focus:ring-2 
focus:ring-primary 
focus:border-primary 
outline-none 
transition-all 
shadow-sm"[39m
                  [33m
id[39m=[32m"pizza-sty
le"[39m
                
[36m>[39m
                  
[36m<option[39m
                    [3
3mvalue[39m=[32m"ital
ian"[39m
                  
[36m>[39m
                    
[0mItaliana (Masa 
delgada, Salsa San 
Marzano)[0m
                  
[36m</option>[39m
                  
[36m<option[39m
                    [3
3mvalue[39m=[32m"amer
ican"[39m
                  
[36m>[39m
                    
[0mAmericana (Masa 
gruesa, BBQ/Tomate)[0m
                  
[36m</option>[39m
                  
[36m<option[39m
                    [3
3mvalue[39m=[32m"colo
mbian"[39m
                  
[36m>[39m
                    
[0mColombiana (Masa 
tradicional, Salsa 
Criolla)[0m
                  
[36m</option>[39m
                
[36m</select>[39m
              
[36m</div>[39m
              
[36m<button[39m
                [33mcl
ass[39m=[32m"w-full 
py-4 px-6 rounded-xl 
font-bold text-white 
bg-primary 
hover:bg-red-700 
focus:ring-4 
focus:ring-red-200 dark
:focus:ring-red-900 
transition-all flex 
items-center 
justify-center gap-2 
shadow-lg 
shadow-primary/30 
disabled:opacity-70 dis
abled:cursor-not-allowe
d group"[39m
              
[36m>[39m
                
[36m<svg[39m
                  [33m
aria-hidden[39m=[32m"
true"[39m
                  [33m
class[39m=[32m"lu...

Ignored nodes: 
comments, script, style
[36m<html>[39m
  [36m<head />[39m
  [36m<body>[39m
    [36m<div>[39m
      [36m<div[39m
        [33mclass[39m
=[32m"min-h-screen 
bg-gray-50 
dark:bg-secondary 
transition-colors 
duration-300"[39m
      [36m>[39m
        
[36m<header[39m
          [33mclass[3
9m=[32m"bg-white 
dark:bg-gray-800 
shadow-sm border-b 
border-gray-200 
dark:border-gray-700 
sticky top-0 z-10"[39m
        [36m>[39m
          
[36m<div[39m
            [33mclass
[39m=[32m"max-w-5xl 
mx-auto px-4 h-16 flex 
items-center 
justify-between"[39m
          [36m>[39m
            
[36m<div[39m
              [33mclas
s[39m=[32m"flex 
items-center 
gap-3"[39m
            [36m>[39m
              
[36m<div[39m
                [33mcl
ass[39m=[32m"p-2 
bg-primary/10 
rounded-lg"[39m
              
[36m>[39m
                
[36m<svg[39m
                  [33m
aria-hidden[39m=[32m"
true"[39m
                  [33m
class[39m=[32m"lucide
 lucide-pizza 
text-primary w-6 
h-6"[39m
                  [33m
fill[39m=[32m"none"[
39m
                  [33m
height[39m=[32m"24"[
39m
                  [33m
stroke[39m=[32m"curre
ntColor"[39m
                  [33m
stroke-linecap[39m=[3
2m"round"[39m
                  [33m
stroke-linejoin[39m=[
32m"round"[39m
                  [33m
stroke-width[39m=[32m
"2"[39m
                  [33m
viewBox[39m=[32m"0 0 
24 24"[39m

[2m Test Files [22m [1m[31m1 failed[39m[22m[90m (1)[39m
[2m      Tests [22m [1m[31m1 failed[39m[22m[90m (1)[39m
[2m   Start at [22m 12:53:23
[2m   Duration [22m 8.86s[2m (transform 320ms, setup 351ms, import 1.10s, tests 1.56s, environment 5.14s)[22m

                  [33m
width[39m=[32m"24"[3
9m
                  [33m
xmlns[39m=[32m"http:/
/www.w3.org/2000/svg"[
39m
                
[36m>[39m
                  
[36m<path[39m
                    
[33md[39m=[32m"m12 
14-1 1"[39m
                  
[36m/>[39m
                  
[36m<path[39m
                    [3
3md[39m=[32m"m13.75 
18.25-1.25 1.42"[39m
                  
[36m/>[39m
                  
[36m<path[39m
                    [3
3md[39m=[32m"M17.775 
5.654a15.68 15.68 0 0 
0-12.121 12.12"[39m
                  
[36m/>[39m
                  
[36m<path[39m
                    [3
3md[39m=[32m"M18.8 
9.3a1 1 0 0 0 2.1 
7.7"[39m
                  
[36m/>[39m
                  
[36m<path[39m
                    [3
3md[39m=[32m"M21.964 
20.732a1 1 0 0 1-1.232 
1.232l-18-5a1 1 0 0 
1-.695-1.232A19.68 
19.68 0 0 1 15.732 
2.037a1 1 0 0 1 
1.232.695z"[39m
                  
[36m/>[39m
                
[36m</svg>[39m
              
[36m</div>[39m
              
[36m<h1[39m
                [33mcl
ass[39m=[32m"text-xl 
md:text-2xl font-bold 
bg-gradient-to-r 
from-primary 
to-orange-500 
bg-clip-text 
text-transparent"[39m
              
[36m>[39m
                
[0mPizzer├¡a 
Factory[0m
              
[36m</h1>[39m
            
[36m</div>[39m
            
[36m<div[39m
              [33mclas
s[39m=[32m"flex 
items-center 
gap-4"[39m
            [36m>[39m
              
[36m<span[39m
                [33mcl
ass[39m=[32m"hidden 
md:inline text-sm 
text-gray-500 
dark:text-gray-400 
font-medium"[39m
              
[36m>[39m
                
[0mAbstract Pattern 
Demo[0m
              
[36m</span>[39m
              
[36m<button[39m
                [33mar
ia-label[39m=[32m"Tog
gle Dark Mode"[39m
                [33mcl
ass[39m=[32m"p-2 
rounded-full 
bg-gray-200 
dark:bg-gray-800 
text-gray-800 
dark:text-gray-200 
hover:bg-gray-300 
dark:hover:bg-gray-700 
transition-colors"[39m
              
[36m>[39m
                
[36m<svg[39m
                  [33m
aria-hidden[39m=[32m"
true"[39m
                  [33m
class[39m=[32m"lucide
 lucide-moon"[39m
                  [33m
fill[39m=[32m"none"[
39m
                  [33m
height[39m=[32m"20"[
39m
                  [33m
stroke[39m=[32m"curre
ntColor"[39m
                  [33m
stroke-linecap[39m=[3
2m"round"[39m
                  [33m
stroke-linejoin[39m=[
32m"round"[39m
                  [33m
stroke-width[39m=[32m
"2"[39m
                  [33m
viewBox[39m=[32m"0 0 
24 24"[39m
                  [33m
width[39m=[32m"20"[3
9m
                  [33m
xmlns[39m=[32m"http:/
/www.w3.org/2000/svg"[
39m
                
[36m>[39m
                  
[36m<path[39m
                    [3
3md[39m=[32m"M20.985 
12.486a9 9 0 1 1-9.473-
9.472c.405-.022.617.46.
402.803a6 6 0 0 0 
8.268 8.268c.344-.215.8
25-.004.803.401"[39m
                  
[36m/>[39m
                
[36m</svg>[39m
              
[36m</button>[39m
            
[36m</div>[39m
          
[36m</div>[39m
        
[36m</header>[39m
        [36m<main[39m
          [33mclass[3
9m=[32m"max-w-5xl 
mx-auto px-4 py-8 
md:py-12"[39m
        [36m>[39m
          
[36m<div[39m
            [33mclass
[39m=[32m"grid 
md:grid-cols-12 gap-8 
items-start"[39m
          [36m>[39m
            
[36m<div[39m
              [33mclas
s[39m=[32m"md:col-spa
n-5 bg-white 
dark:bg-gray-800 
rounded-2xl p-6 md:p-8 
shadow-sm border 
border-gray-100 dark:bo
rder-gray-700"[39m
            [36m>[39m
              
[36m<h2[39m
                [33mcl
ass[39m=[32m"text-2xl
 font-bold 
text-gray-900 
dark:text-white 
mb-6"[39m
              
[36m>[39m
                
[0mOrdena tu Pizza[0m
              
[36m</h2>[39m
              
[36m<div[39m
                [33mcl
ass[39m=[32m"space-y-
6"[39m
              
[36m>[39m
                
[36m<div[39m
                  [33m
class[39m=[32m"flex 
flex-col gap-2"[39m
                
[36m>[39m
                  
[36m<label[39m
                    [3
3mclass[39m=[32m"text
-sm font-semibold 
text-gray-700 dark:text
-gray-300"[39m
                    [3
3mfor[39m=[32m"pizza-
style"[39m
                  
[36m>[39m
                    
[0mSelecciona un 
Estilo de Pizza[0m
                  
[36m</label>[39m
                  
[36m<select[39m
                    [3
3mclass[39m=[32m"p-3 
rounded-lg border 
border-gray-300 
dark:border-gray-600 
bg-white 
dark:bg-gray-800 
text-gray-900 
dark:text-gray-100 
focus:ring-2 
focus:ring-primary 
focus:border-primary 
outline-none 
transition-all 
shadow-sm"[39m
                    [3
3mid[39m=[32m"pizza-s
tyle"[39m
                  
[36m>[39m
                    
[36m<option[39m
                      
[33mvalue[39m=[32m"it
alian"[39m
                    
[36m>[39m
                      
[0mItaliana (Masa 
delgada, Salsa San 
Marzano)[0m
                    
[36m</option>[39m
                    
[36m<option[39m
                      
[33mvalue[39m=[32m"am
erican"[39m
                    
[36m>[39m
                      
[0mAmericana (Masa 
gruesa, BBQ/Tomate)[0m
                    
[36m</option>[39m
                    
[36m<option[39m
                      
[33mvalue[39m=[32m"co
lombian"[39m
                    
[36m>[39m
                      
[0mColombiana (Masa 
tradicional, Salsa 
Criolla)[0m
                    
[36m</option>[39m
                  
[36m</select>[39m
                
[36m</div>[39m
                
[36m<button[39m
                  [33m
class[39m=[32m"w-full
 py-4 px-6 rounded-xl 
font-bold text-white 
bg-primary 
hover:bg-red-700 
focus:ring-4 
focus:ring-red-200 
dark:focus:rin...
[90m [2mÔØ»[22m 
Proxy.waitForWrapper no
de_modules/@testing-lib
rary/dom/dist/wait-for.
js:[2m163:27[22m[39m
[36m [2mÔØ»[22m src/
App.test.jsx:[2m35:11
[22m[39m
    [90m 33|[39m
    [90m 34|[39m     
[90m// Wait for the 
mock to resolve and 
update DOM[39m
    [90m 35|[39m     
[35mawait[39m 
[34mwaitFor[39m(() 
[33m=>[39m {
    [90m   |[39m     
      [31m^[39m
    [90m 36|[39m     
  [90m// It should 
display the 
ingredients returned 
from our mock[39m
    [90m 37|[39m     
  expect(screen.getByTe
xt(/Masa fina \(Thin\)/
i)).toBeInTheDocumenÔÇª

[31m[2mÔÄ»ÔÄ»ÔÄ»ÔÄ»ÔÄ
»ÔÄ»ÔÄ»ÔÄ»ÔÄ»ÔÄ»ÔÄ»ÔÄ»Ô
Ä»ÔÄ»ÔÄ»ÔÄ»ÔÄ»ÔÄ»ÔÄ»ÔÄ»
ÔÄ»ÔÄ»ÔÄ»ÔÄ»[1/1]ÔÄ»[2
2m[39m

