============================= test session starts =============================
collecting ... collected 9 items

tests/test_pizzas.py::TestGetPizza::test_colombian_pizza PASSED          [ 11%]
tests/test_pizzas.py::TestGetPizza::test_italian_pizza PASSED            [ 22%]
tests/test_pizzas.py::TestGetPizza::test_american_pizza PASSED           [ 33%]
tests/test_pizzas.py::TestGetPizza::test_invalid_style_returns_422 PASSED [ 44%]
tests/test_pizzas.py::TestGetPizza::test_list_pizzas PASSED              [ 55%]
tests/test_pizzas.py::TestCreateOrder::test_create_colombian_order PASSED [ 66%]
tests/test_pizzas.py::TestCreateOrder::test_create_italian_order PASSED  [ 77%]
tests/test_pizzas.py::TestCreateOrder::test_invalid_order_style PASSED   [ 88%]
tests/test_pizzas.py::test_root PASSED                                   [100%]

============================== 9 passed in 3.54s ==============================
